[2026-06-29 11:23:00] [INFO] Starting AI service.
[2026-06-29 11:23:03] [SUCCESS] AI service started.
[2026-06-29 12:54:55] [INFO] Starting AI service.
[2026-06-29 12:54:58] [SUCCESS] AI service started.
[2026-07-02 09:53:28] [INFO] Stop requested but service was not running.
[2026-07-02 09:58:55] [INFO] Restarting AI service.
[2026-07-02 09:58:58] [SUCCESS] AI service restarted.
[2026-07-02 11:21:01] [INFO] Start request ignored. Service already running.
[2026-07-02 11:23:59] [SUCCESS] AI service stopped.
[2026-07-02 22:55:33] [INFO] Restarting AI service.
[2026-07-02 22:55:36] [SUCCESS] AI service restarted.
[2026-07-02 23:01:09] [SUCCESS] AI service stopped.
[2026-07-03 23:02:28] [INFO] Restarting AI service.
[2026-07-03 23:02:31] [SUCCESS] AI service restarted.
[2026-07-04 01:06:27] [INFO] Restarting AI service.
[2026-07-04 01:06:30] [SUCCESS] AI service restarted.
[2026-07-04 01:10:55] [INFO] Restarting AI service.
[2026-07-04 01:10:58] [SUCCESS] AI service restarted.
[2026-07-04 01:14:42] [INFO] Restarting AI service.
[2026-07-04 01:14:45] [SUCCESS] AI service restarted.
[2026-07-04 01:18:28] [INFO] Restarting AI service.
[2026-07-04 01:18:31] [SUCCESS] AI service restarted.
[2026-07-04 01:22:23] [INFO] Restarting AI service.
[2026-07-04 01:22:26] [SUCCESS] AI service restarted.
